// Jest Snapshot v1, https://goo.gl/fbAQLP

exports[`PickerView should render prop set options correctly 1`] = `
<div class="fx-picker-view">
  <div class="fx-picker-view_cols">
    <div class="fx-picker-view_col">
      <ul class="fx-picker-view_list" data-index="0">
        <li class="fx-picker-view_item selected" data-index="0">空调</li>
        <li class="fx-picker-view_item" data-index="1">冰箱</li>
        <li class="fx-picker-view_item" data-index="2">洗衣机</li>
        <li class="fx-picker-view_item" data-index="3">厨卫大电</li>
        <li class="fx-picker-view_item" data-index="4">厨卫小电</li>
        <li class="fx-picker-view_item" data-index="5">生活电器</li>
      </ul>
    </div>
    <div class="fx-picker-view_col">
      <ul class="fx-picker-view_list" data-index="1">
        <li class="fx-picker-view_item selected" data-index="0">家用空调</li>
        <li class="fx-picker-view_item" data-index="1">厨房空调</li>
      </ul>
    </div>
    <div class="fx-picker-view_col">
      <ul class="fx-picker-view_list" data-index="2">
        <li class="fx-picker-view_item selected" data-index="0">挂式空调</li>
        <li class="fx-picker-view_item" data-index="1">柜式空调</li>
      </ul>
    </div>
    <!--v-if-->
  </div>
</div>
`;
