// Jest Snapshot v1, https://goo.gl/fbAQLP

exports[`Picker should render prop set options correctly 1`] = `
<div class="fx-picker">
  <div class="fx-input">
    <div class="fx-input_input placeholder">

    </div> <svg class="fx-icon fx-input_arrow">
      <use xlink:href="#icon-RightOutlined"></use>
    </svg> <input type="text" readonly="readonly" name="" class="fx-input_cover" value="">
  </div>
  <!---->
</div>
`;
