// Jest Snapshot v1, https://goo.gl/fbAQLP

exports[`Toast should render default correctly 1`] = `
<!--teleport start-->
<!--teleport end-->
`;

exports[`Toast should render prop type="fail" correctly 1`] = `
<!--teleport start-->
<!--teleport end-->
`;

exports[`Toast should render prop type="loading" correctly 1`] = `
<!--teleport start-->
<!--teleport end-->
`;

exports[`Toast should render prop type="success" correctly 1`] = `
<!--teleport start-->
<!--teleport end-->
`;
