// Jest Snapshot v1, https://goo.gl/fbAQLP

exports[`Collapse Collapse should render default correctly 1`] = `<div class="fx-collapse"></div>`;

exports[`Collapse CollapseItem should render default correctly 1`] = `
<div class="fx-collapse-item fx-horizontal-hairline">
  <cell-stub label="title-1" description="" content="" islink="true" arrowdirection="down" class="fx-collapse-item_header"></cell-stub>
  <div class="fx-collapse-item_body fx-horizontal-hairline" style="display: none;">
    <div class="fx-collapse-item_content">content</div>
  </div>
</div>
`;
