// Jest Snapshot v1, https://goo.gl/fbAQLP

exports[`Image should render prop set imageUrl correctly 1`] = `
<div class="fx-image">
  <!----> <i class="fx-image_loading"><svg aria-hidden="true" class="fx-icon">
      <use xlink:href="#icon-ImageOutlined"></use>
    </svg></i>
  <!---->
  <!---->
</div>
`;
