// Jest Snapshot v1, https://goo.gl/fbAQLP

exports[`ActionSheet should render props set options correctly 1`] = `
<div class="fx-drawer fx-popup fx-action-sheet" style="z-index: 2000; display: none;">
  <div class="fx-mask"></div>
  <div class="fx-drawer_inner placement--bottom">
    <div class="fx-drawer_header fx-horizontal-hairline" style="display: none;">
      <div class="fx-drawer_header-inner">
        <div class="fx-drawer_title"></div>
        <!---->
      </div>
    </div>
    <div class="fx-drawer_body">
      <!---->
      <div class="fx-action-sheet_body">
        <ul class="fx-select_list">
          <li class="fx-select_item fx-horizontal-hairline">
            <div class="fx-select_item-inner"><span>选项1</span>
              <!---->
            </div>
          </li>
          <li class="fx-select_item fx-horizontal-hairline">
            <div class="fx-select_item-inner"><span>选项2</span>
              <!---->
            </div>
          </li>
          <li class="fx-select_item fx-horizontal-hairline">
            <div class="fx-select_item-inner"><span>选项3</span>
              <!---->
            </div>
          </li>
        </ul>
      </div>
      <!---->
    </div>
  </div>
</div>
`;
