// Jest Snapshot v1, https://goo.gl/fbAQLP

exports[`Rate should render default correctly 1`] = `
<div class="fx-rate"><input name="" type="hidden" value="0">
  <div class="fx-rate_item" data-value="1"><i class="fx-rate_icon"><svg class="fx-icon">
        <use xlink:href="#icon-StarOutlined"></use>
      </svg></i><i class="fx-rate_active-icon"><svg class="fx-icon">
        <use xlink:href="#icon-StarFilled"></use>
      </svg></i></div>
  <div class="fx-rate_item" data-value="2"><i class="fx-rate_icon"><svg class="fx-icon">
        <use xlink:href="#icon-StarOutlined"></use>
      </svg></i><i class="fx-rate_active-icon"><svg class="fx-icon">
        <use xlink:href="#icon-StarFilled"></use>
      </svg></i></div>
  <div class="fx-rate_item" data-value="3"><i class="fx-rate_icon"><svg class="fx-icon">
        <use xlink:href="#icon-StarOutlined"></use>
      </svg></i><i class="fx-rate_active-icon"><svg class="fx-icon">
        <use xlink:href="#icon-StarFilled"></use>
      </svg></i></div>
  <div class="fx-rate_item" data-value="4"><i class="fx-rate_icon"><svg class="fx-icon">
        <use xlink:href="#icon-StarOutlined"></use>
      </svg></i><i class="fx-rate_active-icon"><svg class="fx-icon">
        <use xlink:href="#icon-StarFilled"></use>
      </svg></i></div>
  <div class="fx-rate_item" data-value="5"><i class="fx-rate_icon"><svg class="fx-icon">
        <use xlink:href="#icon-StarOutlined"></use>
      </svg></i><i class="fx-rate_active-icon"><svg class="fx-icon">
        <use xlink:href="#icon-StarFilled"></use>
      </svg></i></div>
</div>
`;
