// Jest Snapshot v1, https://goo.gl/fbAQLP

exports[`Checkbox should render default correctly 1`] = `
<label class="fx-checkbox fx-horizontal-hairline"><input class="fx-checkbox_input" type="checkbox" name="" value="">
  <div class="fx-checkbox_box"><svg class="fx-icon fx-checkbox_icon">
      <use xlink:href="#icon-BorderOutlined"></use>
    </svg><svg class="fx-icon fx-checkbox_checked-icon">
      <use xlink:href="#icon-CheckSquareFilled"></use>
    </svg>
    <!--v-if-->
  </div>
</label>
`;
