// Jest Snapshot v1, https://goo.gl/fbAQLP

exports[`ScrollView should render prop scrollY=true correctly 1`] = `
<div class="fx-scroll-view scroll-y">
  <div class="fx-scroll-view_inner">
    <div class="fx-scroll-view_content" style="transition: transform 0ms; transform: translate3d(0px, 0, 0);">
      <!--v-if-->
    </div>
  </div>
</div>
`;
