// Jest Snapshot v1, https://goo.gl/fbAQLP

exports[`Notify should render default correctly 1`] = `
<!--teleport start-->
<!--teleport end-->
`;

exports[`Notify should render prop type="danger" correctly 1`] = `
<!--teleport start-->
<!--teleport end-->
`;

exports[`Notify should render prop type="success" correctly 1`] = `
<!--teleport start-->
<!--teleport end-->
`;

exports[`Notify should render prop type="warning" correctly 1`] = `
<!--teleport start-->
<!--teleport end-->
`;
