// Jest Snapshot v1, https://goo.gl/fbAQLP

exports[`Calendar should render default correctly 1`] = `
<div class="fx-calendar">
  <div class="fx-input">
    <div class="fx-input_input placeholder">

    </div> <svg aria-hidden="true" class="fx-icon fx-input_arrow">
      <use xlink:href="#icon-RightOutlined"></use>
    </svg> <input type="text" readonly="readonly" name="" class="fx-input_cover" value="">
  </div>
</div>
`;
