// Jest Snapshot v1, https://goo.gl/fbAQLP

exports[`Radio should render default correctly 1`] = `
<label class="fx-radio fx-horizontal-hairline"><input type="radio" name="" class="fx-radio_input" value="">
  <div class="fx-radio_box"><svg aria-hidden="true" class="fx-icon fx-radio_icon">
      <use xlink:href="#icon-CircleOutlined"></use>
    </svg> <svg aria-hidden="true" class="fx-icon fx-radio_checked-icon">
      <use xlink:href="#icon-CheckCircleFilled"></use>
    </svg>
    <!---->
  </div>
</label>
`;
