// Jest Snapshot v1, https://goo.gl/fbAQLP

exports[`Tag should render default slot correctly 1`] = `
<div class="fx-tag type--default size--large pattern--light">tag
  <!---->
</div>
`;

exports[`Tag should render prop closable=true correctly 1`] = `
<div class="fx-tag type--default size--large pattern--light">tag <icon-stub icon="CloseOutlined" size="0" width="0" height="0" class=""></icon-stub>
</div>
`;
