// Jest Snapshot v1, https://goo.gl/fbAQLP

exports[`Popover should render prop placement="left" correctly 1`] = `
<div class="fx-popover fx-popup" style="z-index: 2000; display: none;">
  <div class="fx-mask"></div>
  <div class="fx-popover_inner" style="left: 0px; top: 0px; max-width: -16px; max-height: -16px;"><i class="fx-popover_arrow" style="left: 200vw; top: 200vh;"></i>
    <div class="fx-popover_content">
      <div class="fx-popover_text"></div>
    </div>
  </div>
</div>
`;

exports[`Popover should render prop set content correctly 1`] = `
<div class="fx-popover fx-popup" style="z-index: 2000; display: none;">
  <div class="fx-mask"></div>
  <div class="fx-popover_inner" style="left: 0px; top: 0px; max-width: -16px; max-height: -16px;"><i class="fx-popover_arrow" style="left: 200vw; top: 200vh;"></i>
    <div class="fx-popover_content">
      <div class="fx-popover_text"></div>
    </div>
  </div>
</div>
`;

exports[`Popover should render prop visible=true correctly 1`] = `
<div class="fx-popover fx-popup" style="z-index: 2000; display: none;">
  <div class="fx-mask"></div>
  <div class="fx-popover_inner" style="left: 0px; top: 0px; max-width: -16px; max-height: -16px;"><i class="fx-popover_arrow" style="left: 200vw; top: 200vh;"></i>
    <div class="fx-popover_content">
      <div class="fx-popover_text"></div>
    </div>
  </div>
</div>
`;
